{
 "signatures": [
  {
   "keyid": "ddadf0c54d24c3429a36b7ad8434414fa35b80922497d2c99067261d38746460",
   "sig": "XXX"
  }
 ],
 "signed": {
  "_type": "root",
  "consistent_snapshot": true,
  "expires": "2021-02-10T01:02:03Z",
  "keys": {
   "ddadf0c54d24c3429a36b7ad8434414fa35b80922497d2c99067261d38746460": {
    "keytype": "ecdsa",
    "keyval": {
     "public": "-----BEGIN PUBLIC KEY-----\nMHYwEAYHKoZIzj0CAQYFK4EEACIDYgAEJ3pswWmx9Bx2VBcpqaooQFA7dQnhRafh\ntj942eg086x6EMHdfgdox9TbwGm7sU2sn/gyjyDr1ez8Ld2ORnyYJ8cAlegfTqNq\nE0eSrLrb+YpzQJxLwh6qWcSngF99Unft\n-----END PUBLIC KEY-----\n"
    },
    "scheme": "ecdsa-sha2-nistp384",
    "x-tuf-on-ci-keyowner": "@tuf-on-ci-user1"
   },
   "fa47289": {
    "keytype": "ed25519",
    "keyval": {
     "public": "fa472895c9756c2b9bcd1440bf867d0fa5c4edee79e9792fa9822be3dd6fcbb3"
    },
    "scheme": "ed25519",
    "x-tuf-on-ci-online-uri": "envvar:LOCAL_TESTING_KEY"
   }
  },
  "roles": {
   "root": {
    "keyids": [
     "ddadf0c54d24c3429a36b7ad8434414fa35b80922497d2c99067261d38746460"
    ],
    "threshold": 1
   },
   "snapshot": {
    "keyids": [
     "fa47289"
    ],
    "threshold": 1,
    "x-tuf-on-ci-expiry-period": 7,
    "x-tuf-on-ci-signing-period": 6
   },
   "targets": {
    "keyids": [
     "ddadf0c54d24c3429a36b7ad8434414fa35b80922497d2c99067261d38746460"
    ],
    "threshold": 1
   },
   "timestamp": {
    "keyids": [
     "fa47289"
    ],
    "threshold": 1,
    "x-tuf-on-ci-expiry-period": 2,
    "x-tuf-on-ci-signing-period": 1
   }
  },
  "spec_version": "1.0.31",
  "version": 1,
  "x-tuf-on-ci-expiry-period": 7,
  "x-tuf-on-ci-signing-period": 6
 }
}